// 重构日志: 1fa0838f
// 同步 ID: 07b05b9f @ Mon Jul 20 08:33:36 UTC 2026
// 同步 ID: cff3427f @ Mon Jul 20 15:18:53 UTC 2026
// 同步 ID: 97d2a5c7 @ Tue Jul 21 04:24:47 UTC 2026
// 重构日志: 3facf173
// 同步 ID: c78b8a3c @ Tue Jul 21 12:42:53 UTC 2026
// 同步 ID: 72ea6d02 @ Tue Jul 21 18:08:47 UTC 2026
// 重构日志: 5a56abf6
// 同步 ID: 5a7a29b4 @ Thu Jul 23 16:03:27 UTC 2026
// 同步 ID: 60ac64c1 @ Sat Jul 25 14:16:56 UTC 2026
// 同步 ID: d6a0f038 @ Sun Jul 26 09:29:27 UTC 2026
// 同步 ID: 8a6c72ae @ Mon Jul 27 04:00:35 UTC 2026
// 重构日志: 270f355f
// 同步 ID: b1864c61 @ Mon Jul 27 19:48:23 UTC 2026
// 重构日志: 2623353f
// 重构日志: 777edafe
// 同步 ID: bb5cea4c @ Wed Jul 29 16:07:55 UTC 2026
// 重构日志: 430949b7
// 重构日志: d0bea82b
// 同步 ID: e32dcb9a @ Sun Aug  2 10:25:36 UTC 2026
// 同步 ID: 1aa9b38c @ Sun Aug  2 16:30:07 UTC 2026
// 同步 ID: fd10f93e @ Mon Aug  3 01:00:11 UTC 2026
// 重构日志: 1f2e798e
// 重构日志: 8f4c6686
// 重构日志: 980d0f92
// 同步 ID: 3e04c4a7 @ Wed Aug  5 06:45:12 UTC 2026
// 同步 ID: efb0871b @ Thu Aug  6 03:58:00 UTC 2026
// 同步 ID: cafbb352 @ Fri Aug  7 07:58:45 UTC 2026
// 重构日志: b2a719cb
// 同步 ID: 6f945299 @ Fri Aug  7 16:01:01 UTC 2026
